TimeCreated,EventID,Level,Computer,TargetUserName,TargetDomainName,LogonType,IpAddress,WorkstationName,Status,Message
2026-09-22T00:03:57,4624,Information,HOST_3.DOMAINE_1,USER_1,DOMAINE_1,3,IP_INT_1,POSTE_1,0x0,An account was successfully logged on.
2026-09-22T02:12:12,4625,Information,HOST_3.DOMAINE_1,helpdesk,DOMAINE_1,3,IP_EXT_4,-,0xC000006D,An account failed to log on. SubStatus 0xC0000064 (user does not exist)
2026-09-22T02:12:24,4625,Information,HOST_3.DOMAINE_1,test,DOMAINE_1,3,IP_EXT_4,-,0xC000006D,An account failed to log on. SubStatus 0xC0000064 (user does not exist)
2026-09-22T02:12:36,4625,Information,HOST_3.DOMAINE_1,sqlservice,DOMAINE_1,3,IP_EXT_4,-,0xC000006D,An account failed to log on. SubStatus 0xC0000064 (user does not exist)
2026-09-22T02:12:49,4625,Information,HOST_3.DOMAINE_1,backup,DOMAINE_1,3,IP_EXT_4,-,0xC000006D,An account failed to log on. SubStatus 0xC0000064 (user does not exist)
2026-09-22T02:13:01,4625,Information,HOST_3.DOMAINE_1,backup,DOMAINE_1,3,IP_EXT_4,-,0xC000006D,An account failed to log on. SubStatus 0xC0000064 (user does not exist)
2026-09-22T02:13:07,4625,Information,HOST_3.DOMAINE_1,admin,DOMAINE_1,3,IP_EXT_4,-,0xC000006D,An account failed to log on. SubStatus 0xC0000064 (user does not exist)
2026-09-22T02:13:11,4625,Information,HOST_3.DOMAINE_1,admin,DOMAINE_1,3,IP_EXT_4,-,0xC000006D,An account failed to log on. SubStatus 0xC0000064 (user does not exist)
2026-09-22T02:13:25,4625,Information,HOST_3.DOMAINE_1,scanner,DOMAINE_1,3,IP_EXT_4,-,0xC000006D,An account failed to log on. SubStatus 0xC0000064 (user does not exist)
2026-09-22T02:13:33,4625,Information,HOST_3.DOMAINE_1,sqlservice,DOMAINE_1,3,IP_EXT_4,-,0xC000006D,An account failed to log on. SubStatus 0xC0000064 (user does not exist)
2026-09-22T02:13:43,4625,Information,HOST_3.DOMAINE_1,admin,DOMAINE_1,3,IP_EXT_4,-,0xC000006D,An account failed to log on. SubStatus 0xC0000064 (user does not exist)
2026-09-22T02:13:55,4625,Information,HOST_3.DOMAINE_1,administrator,DOMAINE_1,3,IP_EXT_4,-,0xC000006D,An account failed to log on. SubStatus 0xC000006A (bad password)
2026-09-22T02:14:02,4625,Information,HOST_3.DOMAINE_1,backup,DOMAINE_1,3,IP_EXT_4,-,0xC000006D,An account failed to log on. SubStatus 0xC0000064 (user does not exist)
2026-09-22T02:14:14,4625,Information,HOST_3.DOMAINE_1,scanner,DOMAINE_1,3,IP_EXT_4,-,0xC000006D,An account failed to log on. SubStatus 0xC0000064 (user does not exist)
2026-09-22T02:14:21,4625,Information,HOST_3.DOMAINE_1,sqlservice,DOMAINE_1,3,IP_EXT_4,-,0xC000006D,An account failed to log on. SubStatus 0xC0000064 (user does not exist)
2026-09-22T02:14:34,4625,Information,HOST_3.DOMAINE_1,USER_1,DOMAINE_1,3,IP_EXT_4,-,0xC000006D,An account failed to log on. SubStatus 0xC000006A (bad password)
2026-09-22T02:14:45,4625,Information,HOST_3.DOMAINE_1,scanner,DOMAINE_1,3,IP_EXT_4,-,0xC000006D,An account failed to log on. SubStatus 0xC0000064 (user does not exist)
2026-09-22T02:14:57,4625,Information,HOST_3.DOMAINE_1,administrator,DOMAINE_1,3,IP_EXT_4,-,0xC000006D,An account failed to log on. SubStatus 0xC000006A (bad password)
2026-09-22T02:15:09,4625,Information,HOST_3.DOMAINE_1,sqlservice,DOMAINE_1,3,IP_EXT_4,-,0xC000006D,An account failed to log on. SubStatus 0xC0000064 (user does not exist)
2026-09-22T02:15:15,4625,Information,HOST_3.DOMAINE_1,USER_1,DOMAINE_1,3,IP_EXT_4,-,0xC000006D,An account failed to log on. SubStatus 0xC000006A (bad password)
2026-09-22T02:15:29,4625,Information,HOST_3.DOMAINE_1,USER_1,DOMAINE_1,3,IP_EXT_4,-,0xC000006D,An account failed to log on. SubStatus 0xC000006A (bad password)
2026-09-22T02:15:38,4625,Information,HOST_3.DOMAINE_1,administrator,DOMAINE_1,3,IP_EXT_4,-,0xC000006D,An account failed to log on. SubStatus 0xC000006A (bad password)
2026-09-22T02:15:50,4625,Information,HOST_3.DOMAINE_1,USER_3,DOMAINE_1,3,IP_EXT_4,-,0xC000006D,An account failed to log on. SubStatus 0xC000006A (bad password)
2026-09-22T02:16:01,4625,Information,HOST_3.DOMAINE_1,USER_1,DOMAINE_1,3,IP_EXT_4,-,0xC000006D,An account failed to log on. SubStatus 0xC000006A (bad password)
2026-09-22T02:16:06,4625,Information,HOST_3.DOMAINE_1,admin,DOMAINE_1,3,IP_EXT_4,-,0xC000006D,An account failed to log on. SubStatus 0xC0000064 (user does not exist)
2026-09-22T02:16:11,4625,Information,HOST_3.DOMAINE_1,test,DOMAINE_1,3,IP_EXT_4,-,0xC000006D,An account failed to log on. SubStatus 0xC0000064 (user does not exist)
2026-09-22T02:16:21,4625,Information,HOST_3.DOMAINE_1,administrator,DOMAINE_1,3,IP_EXT_4,-,0xC000006D,An account failed to log on. SubStatus 0xC000006A (bad password)
2026-09-22T02:16:33,4625,Information,HOST_3.DOMAINE_1,administrator,DOMAINE_1,3,IP_EXT_4,-,0xC000006D,An account failed to log on. SubStatus 0xC000006A (bad password)
2026-09-22T02:16:38,4625,Information,HOST_3.DOMAINE_1,helpdesk,DOMAINE_1,3,IP_EXT_4,-,0xC000006D,An account failed to log on. SubStatus 0xC0000064 (user does not exist)
2026-09-22T02:16:44,4625,Information,HOST_3.DOMAINE_1,USER_3,DOMAINE_1,3,IP_EXT_4,-,0xC000006D,An account failed to log on. SubStatus 0xC000006A (bad password)
2026-09-22T02:16:49,4625,Information,HOST_3.DOMAINE_1,test,DOMAINE_1,3,IP_EXT_4,-,0xC000006D,An account failed to log on. SubStatus 0xC0000064 (user does not exist)
2026-09-22T02:16:57,4625,Information,HOST_3.DOMAINE_1,sqlservice,DOMAINE_1,3,IP_EXT_4,-,0xC000006D,An account failed to log on. SubStatus 0xC0000064 (user does not exist)
2026-09-22T02:17:05,4625,Information,HOST_3.DOMAINE_1,sqlservice,DOMAINE_1,3,IP_EXT_4,-,0xC000006D,An account failed to log on. SubStatus 0xC0000064 (user does not exist)
2026-09-22T02:17:12,4625,Information,HOST_3.DOMAINE_1,test,DOMAINE_1,3,IP_EXT_4,-,0xC000006D,An account failed to log on. SubStatus 0xC0000064 (user does not exist)
2026-09-22T02:17:20,4625,Information,HOST_3.DOMAINE_1,backup,DOMAINE_1,3,IP_EXT_4,-,0xC000006D,An account failed to log on. SubStatus 0xC0000064 (user does not exist)
2026-09-22T02:17:34,4625,Information,HOST_3.DOMAINE_1,administrator,DOMAINE_1,3,IP_EXT_4,-,0xC000006D,An account failed to log on. SubStatus 0xC000006A (bad password)
2026-09-22T02:17:40,4625,Information,HOST_3.DOMAINE_1,backup,DOMAINE_1,3,IP_EXT_4,-,0xC000006D,An account failed to log on. SubStatus 0xC0000064 (user does not exist)
2026-09-22T02:17:45,4625,Information,HOST_3.DOMAINE_1,USER_1,DOMAINE_1,3,IP_EXT_4,-,0xC000006D,An account failed to log on. SubStatus 0xC000006A (bad password)
2026-09-22T02:17:58,4625,Information,HOST_3.DOMAINE_1,admin,DOMAINE_1,3,IP_EXT_4,-,0xC000006D,An account failed to log on. SubStatus 0xC0000064 (user does not exist)
2026-09-22T02:18:03,4625,Information,HOST_3.DOMAINE_1,USER_3,DOMAINE_1,3,IP_EXT_4,-,0xC000006D,An account failed to log on. SubStatus 0xC000006A (bad password)
2026-09-22T02:18:09,4625,Information,HOST_3.DOMAINE_1,sqlservice,DOMAINE_1,3,IP_EXT_4,-,0xC000006D,An account failed to log on. SubStatus 0xC0000064 (user does not exist)
2026-09-22T02:18:17,4625,Information,HOST_3.DOMAINE_1,USER_3,DOMAINE_1,3,IP_EXT_4,-,0xC000006D,An account failed to log on. SubStatus 0xC000006A (bad password)
2026-09-22T02:18:29,4625,Information,HOST_3.DOMAINE_1,admin,DOMAINE_1,3,IP_EXT_4,-,0xC000006D,An account failed to log on. SubStatus 0xC0000064 (user does not exist)
2026-09-22T02:18:43,4625,Information,HOST_3.DOMAINE_1,helpdesk,DOMAINE_1,3,IP_EXT_4,-,0xC000006D,An account failed to log on. SubStatus 0xC0000064 (user does not exist)
2026-09-22T02:18:47,4625,Information,HOST_3.DOMAINE_1,test,DOMAINE_1,3,IP_EXT_4,-,0xC000006D,An account failed to log on. SubStatus 0xC0000064 (user does not exist)
2026-09-22T02:18:55,4625,Information,HOST_3.DOMAINE_1,test,DOMAINE_1,3,IP_EXT_4,-,0xC000006D,An account failed to log on. SubStatus 0xC0000064 (user does not exist)
2026-09-22T02:19:01,4625,Information,HOST_3.DOMAINE_1,USER_1,DOMAINE_1,3,IP_EXT_4,-,0xC000006D,An account failed to log on. SubStatus 0xC000006A (bad password)
2026-09-22T02:19:07,4625,Information,HOST_3.DOMAINE_1,USER_3,DOMAINE_1,3,IP_EXT_4,-,0xC000006D,An account failed to log on. SubStatus 0xC000006A (bad password)
2026-09-22T02:19:08,4740,Information,HOST_3.DOMAINE_1,USER_3,DOMAINE_1,,IP_INT_3,HOST_3,,A user account was locked out.
2026-09-22T02:19:12,4625,Information,HOST_3.DOMAINE_1,admin,DOMAINE_1,3,IP_EXT_4,-,0xC000006D,An account failed to log on. SubStatus 0xC0000064 (user does not exist)
2026-09-22T02:19:20,4625,Information,HOST_3.DOMAINE_1,administrator,DOMAINE_1,3,IP_EXT_4,-,0xC000006D,An account failed to log on. SubStatus 0xC000006A (bad password)
2026-09-22T02:19:25,4625,Information,HOST_3.DOMAINE_1,helpdesk,DOMAINE_1,3,IP_EXT_4,-,0xC000006D,An account failed to log on. SubStatus 0xC0000064 (user does not exist)
2026-09-22T02:19:36,4625,Information,HOST_3.DOMAINE_1,USER_3,DOMAINE_1,3,IP_EXT_4,-,0xC000006D,An account failed to log on. SubStatus 0xC000006A (bad password)
2026-09-22T02:19:41,4625,Information,HOST_3.DOMAINE_1,administrator,DOMAINE_1,3,IP_EXT_4,-,0xC000006D,An account failed to log on. SubStatus 0xC000006A (bad password)
2026-09-22T02:19:48,4625,Information,HOST_3.DOMAINE_1,administrator,DOMAINE_1,3,IP_EXT_4,-,0xC000006D,An account failed to log on. SubStatus 0xC000006A (bad password)
2026-09-22T02:19:54,4625,Information,HOST_3.DOMAINE_1,test,DOMAINE_1,3,IP_EXT_4,-,0xC000006D,An account failed to log on. SubStatus 0xC0000064 (user does not exist)
2026-09-22T02:20:04,4625,Information,HOST_3.DOMAINE_1,USER_1,DOMAINE_1,3,IP_EXT_4,-,0xC000006D,An account failed to log on. SubStatus 0xC000006A (bad password)
2026-09-22T02:20:18,4625,Information,HOST_3.DOMAINE_1,administrator,DOMAINE_1,3,IP_EXT_4,-,0xC000006D,An account failed to log on. SubStatus 0xC000006A (bad password)
2026-09-22T02:20:23,4625,Information,HOST_3.DOMAINE_1,admin,DOMAINE_1,3,IP_EXT_4,-,0xC000006D,An account failed to log on. SubStatus 0xC0000064 (user does not exist)
2026-09-22T02:20:27,4625,Information,HOST_3.DOMAINE_1,sqlservice,DOMAINE_1,3,IP_EXT_4,-,0xC000006D,An account failed to log on. SubStatus 0xC0000064 (user does not exist)
2026-09-22T02:20:39,4625,Information,HOST_3.DOMAINE_1,sqlservice,DOMAINE_1,3,IP_EXT_4,-,0xC000006D,An account failed to log on. SubStatus 0xC0000064 (user does not exist)
2026-09-22T02:20:45,4625,Information,HOST_3.DOMAINE_1,USER_1,DOMAINE_1,3,IP_EXT_4,-,0xC000006D,An account failed to log on. SubStatus 0xC000006A (bad password)
2026-09-22T02:20:49,4625,Information,HOST_3.DOMAINE_1,sqlservice,DOMAINE_1,3,IP_EXT_4,-,0xC000006D,An account failed to log on. SubStatus 0xC0000064 (user does not exist)
2026-09-22T02:20:54,4625,Information,HOST_3.DOMAINE_1,administrator,DOMAINE_1,3,IP_EXT_4,-,0xC000006D,An account failed to log on. SubStatus 0xC000006A (bad password)
2026-09-22T02:21:02,4625,Information,HOST_3.DOMAINE_1,helpdesk,DOMAINE_1,3,IP_EXT_4,-,0xC000006D,An account failed to log on. SubStatus 0xC0000064 (user does not exist)
2026-09-22T02:21:15,4625,Information,HOST_3.DOMAINE_1,test,DOMAINE_1,3,IP_EXT_4,-,0xC000006D,An account failed to log on. SubStatus 0xC0000064 (user does not exist)
2026-09-22T02:21:20,4625,Information,HOST_3.DOMAINE_1,USER_1,DOMAINE_1,3,IP_EXT_4,-,0xC000006D,An account failed to log on. SubStatus 0xC000006A (bad password)
2026-09-22T02:21:25,4625,Information,HOST_3.DOMAINE_1,sqlservice,DOMAINE_1,3,IP_EXT_4,-,0xC000006D,An account failed to log on. SubStatus 0xC0000064 (user does not exist)
2026-09-22T02:21:36,4625,Information,HOST_3.DOMAINE_1,test,DOMAINE_1,3,IP_EXT_4,-,0xC000006D,An account failed to log on. SubStatus 0xC0000064 (user does not exist)
2026-09-22T02:21:46,4625,Information,HOST_3.DOMAINE_1,backup,DOMAINE_1,3,IP_EXT_4,-,0xC000006D,An account failed to log on. SubStatus 0xC0000064 (user does not exist)
2026-09-22T02:21:58,4625,Information,HOST_3.DOMAINE_1,scanner,DOMAINE_1,3,IP_EXT_4,-,0xC000006D,An account failed to log on. SubStatus 0xC0000064 (user does not exist)
2026-09-22T02:22:02,4625,Information,HOST_3.DOMAINE_1,administrator,DOMAINE_1,3,IP_EXT_4,-,0xC000006D,An account failed to log on. SubStatus 0xC000006A (bad password)
2026-09-22T02:22:11,4625,Information,HOST_3.DOMAINE_1,USER_3,DOMAINE_1,3,IP_EXT_4,-,0xC000006D,An account failed to log on. SubStatus 0xC000006A (bad password)
2026-09-22T02:22:17,4625,Information,HOST_3.DOMAINE_1,scanner,DOMAINE_1,3,IP_EXT_4,-,0xC000006D,An account failed to log on. SubStatus 0xC0000064 (user does not exist)
2026-09-22T02:22:28,4625,Information,HOST_3.DOMAINE_1,test,DOMAINE_1,3,IP_EXT_4,-,0xC000006D,An account failed to log on. SubStatus 0xC0000064 (user does not exist)
2026-09-22T02:22:40,4625,Information,HOST_3.DOMAINE_1,backup,DOMAINE_1,3,IP_EXT_4,-,0xC000006D,An account failed to log on. SubStatus 0xC0000064 (user does not exist)
2026-09-22T02:22:45,4625,Information,HOST_3.DOMAINE_1,administrator,DOMAINE_1,3,IP_EXT_4,-,0xC000006D,An account failed to log on. SubStatus 0xC000006A (bad password)
2026-09-22T02:22:50,4625,Information,HOST_3.DOMAINE_1,test,DOMAINE_1,3,IP_EXT_4,-,0xC000006D,An account failed to log on. SubStatus 0xC0000064 (user does not exist)
2026-09-22T02:22:54,4625,Information,HOST_3.DOMAINE_1,helpdesk,DOMAINE_1,3,IP_EXT_4,-,0xC000006D,An account failed to log on. SubStatus 0xC0000064 (user does not exist)
2026-09-22T02:22:59,4625,Information,HOST_3.DOMAINE_1,sqlservice,DOMAINE_1,3,IP_EXT_4,-,0xC000006D,An account failed to log on. SubStatus 0xC0000064 (user does not exist)
2026-09-22T02:23:13,4625,Information,HOST_3.DOMAINE_1,backup,DOMAINE_1,3,IP_EXT_4,-,0xC000006D,An account failed to log on. SubStatus 0xC0000064 (user does not exist)
2026-09-22T02:23:17,4625,Information,HOST_3.DOMAINE_1,USER_3,DOMAINE_1,3,IP_EXT_4,-,0xC000006D,An account failed to log on. SubStatus 0xC000006A (bad password)
2026-09-22T02:23:30,4625,Information,HOST_3.DOMAINE_1,scanner,DOMAINE_1,3,IP_EXT_4,-,0xC000006D,An account failed to log on. SubStatus 0xC0000064 (user does not exist)
2026-09-22T02:23:39,4625,Information,HOST_3.DOMAINE_1,helpdesk,DOMAINE_1,3,IP_EXT_4,-,0xC000006D,An account failed to log on. SubStatus 0xC0000064 (user does not exist)
2026-09-22T02:23:43,4625,Information,HOST_3.DOMAINE_1,test,DOMAINE_1,3,IP_EXT_4,-,0xC000006D,An account failed to log on. SubStatus 0xC0000064 (user does not exist)
2026-09-22T02:23:50,4625,Information,HOST_3.DOMAINE_1,administrator,DOMAINE_1,3,IP_EXT_4,-,0xC000006D,An account failed to log on. SubStatus 0xC000006A (bad password)
2026-09-22T02:24:04,4625,Information,HOST_3.DOMAINE_1,helpdesk,DOMAINE_1,3,IP_EXT_4,-,0xC000006D,An account failed to log on. SubStatus 0xC0000064 (user does not exist)
2026-09-22T02:24:12,4625,Information,HOST_3.DOMAINE_1,administrator,DOMAINE_1,3,IP_EXT_4,-,0xC000006D,An account failed to log on. SubStatus 0xC000006A (bad password)
2026-09-22T02:24:21,4625,Information,HOST_3.DOMAINE_1,administrator,DOMAINE_1,3,IP_EXT_4,-,0xC000006D,An account failed to log on. SubStatus 0xC000006A (bad password)
2026-09-22T02:24:28,4625,Information,HOST_3.DOMAINE_1,test,DOMAINE_1,3,IP_EXT_4,-,0xC000006D,An account failed to log on. SubStatus 0xC0000064 (user does not exist)
2026-09-22T02:24:32,4625,Information,HOST_3.DOMAINE_1,scanner,DOMAINE_1,3,IP_EXT_4,-,0xC000006D,An account failed to log on. SubStatus 0xC0000064 (user does not exist)
2026-09-22T02:24:40,4625,Information,HOST_3.DOMAINE_1,admin,DOMAINE_1,3,IP_EXT_4,-,0xC000006D,An account failed to log on. SubStatus 0xC0000064 (user does not exist)
2026-09-22T02:24:50,4625,Information,HOST_3.DOMAINE_1,test,DOMAINE_1,3,IP_EXT_4,-,0xC000006D,An account failed to log on. SubStatus 0xC0000064 (user does not exist)
2026-09-22T02:25:02,4625,Information,HOST_3.DOMAINE_1,USER_1,DOMAINE_1,3,IP_EXT_4,-,0xC000006D,An account failed to log on. SubStatus 0xC000006A (bad password)
2026-09-22T02:25:14,4625,Information,HOST_3.DOMAINE_1,test,DOMAINE_1,3,IP_EXT_4,-,0xC000006D,An account failed to log on. SubStatus 0xC0000064 (user does not exist)
2026-09-22T02:25:26,4625,Information,HOST_3.DOMAINE_1,helpdesk,DOMAINE_1,3,IP_EXT_4,-,0xC000006D,An account failed to log on. SubStatus 0xC0000064 (user does not exist)
2026-09-22T02:25:35,4625,Information,HOST_3.DOMAINE_1,admin,DOMAINE_1,3,IP_EXT_4,-,0xC000006D,An account failed to log on. SubStatus 0xC0000064 (user does not exist)
2026-09-22T02:25:42,4625,Information,HOST_3.DOMAINE_1,USER_1,DOMAINE_1,3,IP_EXT_4,-,0xC000006D,An account failed to log on. SubStatus 0xC000006A (bad password)
2026-09-22T02:25:52,4625,Information,HOST_3.DOMAINE_1,backup,DOMAINE_1,3,IP_EXT_4,-,0xC000006D,An account failed to log on. SubStatus 0xC0000064 (user does not exist)
2026-09-22T02:26:04,4625,Information,HOST_3.DOMAINE_1,administrator,DOMAINE_1,3,IP_EXT_4,-,0xC000006D,An account failed to log on. SubStatus 0xC000006A (bad password)
2026-09-22T02:26:13,4625,Information,HOST_3.DOMAINE_1,sqlservice,DOMAINE_1,3,IP_EXT_4,-,0xC000006D,An account failed to log on. SubStatus 0xC0000064 (user does not exist)
2026-09-22T02:26:24,4625,Information,HOST_3.DOMAINE_1,scanner,DOMAINE_1,3,IP_EXT_4,-,0xC000006D,An account failed to log on. SubStatus 0xC0000064 (user does not exist)
2026-09-22T02:26:35,4625,Information,HOST_3.DOMAINE_1,administrator,DOMAINE_1,3,IP_EXT_4,-,0xC000006D,An account failed to log on. SubStatus 0xC000006A (bad password)
2026-09-22T02:26:49,4625,Information,HOST_3.DOMAINE_1,USER_3,DOMAINE_1,3,IP_EXT_4,-,0xC000006D,An account failed to log on. SubStatus 0xC000006A (bad password)
2026-09-22T02:26:55,4625,Information,HOST_3.DOMAINE_1,USER_3,DOMAINE_1,3,IP_EXT_4,-,0xC000006D,An account failed to log on. SubStatus 0xC000006A (bad password)
2026-09-22T02:27:02,4625,Information,HOST_3.DOMAINE_1,admin,DOMAINE_1,3,IP_EXT_4,-,0xC000006D,An account failed to log on. SubStatus 0xC0000064 (user does not exist)
2026-09-22T02:27:08,4625,Information,HOST_3.DOMAINE_1,USER_1,DOMAINE_1,3,IP_EXT_4,-,0xC000006D,An account failed to log on. SubStatus 0xC000006A (bad password)
2026-09-22T02:27:15,4625,Information,HOST_3.DOMAINE_1,administrator,DOMAINE_1,3,IP_EXT_4,-,0xC000006D,An account failed to log on. SubStatus 0xC000006A (bad password)
2026-09-22T02:27:27,4625,Information,HOST_3.DOMAINE_1,helpdesk,DOMAINE_1,3,IP_EXT_4,-,0xC000006D,An account failed to log on. SubStatus 0xC0000064 (user does not exist)
2026-09-22T02:27:31,4625,Information,HOST_3.DOMAINE_1,scanner,DOMAINE_1,3,IP_EXT_4,-,0xC000006D,An account failed to log on. SubStatus 0xC0000064 (user does not exist)
2026-09-22T02:27:39,4625,Information,HOST_3.DOMAINE_1,helpdesk,DOMAINE_1,3,IP_EXT_4,-,0xC000006D,An account failed to log on. SubStatus 0xC0000064 (user does not exist)
2026-09-22T02:27:45,4625,Information,HOST_3.DOMAINE_1,administrator,DOMAINE_1,3,IP_EXT_4,-,0xC000006D,An account failed to log on. SubStatus 0xC000006A (bad password)
2026-09-22T02:27:59,4625,Information,HOST_3.DOMAINE_1,USER_1,DOMAINE_1,3,IP_EXT_4,-,0xC000006D,An account failed to log on. SubStatus 0xC000006A (bad password)
2026-09-22T02:28:03,4625,Information,HOST_3.DOMAINE_1,USER_3,DOMAINE_1,3,IP_EXT_4,-,0xC000006D,An account failed to log on. SubStatus 0xC000006A (bad password)
2026-09-22T02:28:16,4625,Information,HOST_3.DOMAINE_1,test,DOMAINE_1,3,IP_EXT_4,-,0xC000006D,An account failed to log on. SubStatus 0xC0000064 (user does not exist)
2026-09-22T02:28:30,4625,Information,HOST_3.DOMAINE_1,scanner,DOMAINE_1,3,IP_EXT_4,-,0xC000006D,An account failed to log on. SubStatus 0xC0000064 (user does not exist)
2026-09-22T02:28:41,4625,Information,HOST_3.DOMAINE_1,administrator,DOMAINE_1,3,IP_EXT_4,-,0xC000006D,An account failed to log on. SubStatus 0xC000006A (bad password)
2026-09-22T02:28:50,4625,Information,HOST_3.DOMAINE_1,USER_3,DOMAINE_1,3,IP_EXT_4,-,0xC000006D,An account failed to log on. SubStatus 0xC000006A (bad password)
2026-09-22T02:28:59,4625,Information,HOST_3.DOMAINE_1,backup,DOMAINE_1,3,IP_EXT_4,-,0xC000006D,An account failed to log on. SubStatus 0xC0000064 (user does not exist)
2026-09-22T02:29:11,4625,Information,HOST_3.DOMAINE_1,administrator,DOMAINE_1,3,IP_EXT_4,-,0xC000006D,An account failed to log on. SubStatus 0xC000006A (bad password)
2026-09-22T02:29:16,4625,Information,HOST_3.DOMAINE_1,USER_3,DOMAINE_1,3,IP_EXT_4,-,0xC000006D,An account failed to log on. SubStatus 0xC000006A (bad password)
2026-09-22T02:29:21,4625,Information,HOST_3.DOMAINE_1,test,DOMAINE_1,3,IP_EXT_4,-,0xC000006D,An account failed to log on. SubStatus 0xC0000064 (user does not exist)
2026-09-22T02:29:29,4625,Information,HOST_3.DOMAINE_1,helpdesk,DOMAINE_1,3,IP_EXT_4,-,0xC000006D,An account failed to log on. SubStatus 0xC0000064 (user does not exist)
2026-09-22T02:29:41,4625,Information,HOST_3.DOMAINE_1,backup,DOMAINE_1,3,IP_EXT_4,-,0xC000006D,An account failed to log on. SubStatus 0xC0000064 (user does not exist)
2026-09-22T02:29:54,4625,Information,HOST_3.DOMAINE_1,scanner,DOMAINE_1,3,IP_EXT_4,-,0xC000006D,An account failed to log on. SubStatus 0xC0000064 (user does not exist)
2026-09-22T02:30:06,4625,Information,HOST_3.DOMAINE_1,helpdesk,DOMAINE_1,3,IP_EXT_4,-,0xC000006D,An account failed to log on. SubStatus 0xC0000064 (user does not exist)
2026-09-22T02:30:10,4625,Information,HOST_3.DOMAINE_1,admin,DOMAINE_1,3,IP_EXT_4,-,0xC000006D,An account failed to log on. SubStatus 0xC0000064 (user does not exist)
2026-09-22T02:30:16,4625,Information,HOST_3.DOMAINE_1,admin,DOMAINE_1,3,IP_EXT_4,-,0xC000006D,An account failed to log on. SubStatus 0xC0000064 (user does not exist)
2026-09-22T02:30:24,4625,Information,HOST_3.DOMAINE_1,helpdesk,DOMAINE_1,3,IP_EXT_4,-,0xC000006D,An account failed to log on. SubStatus 0xC0000064 (user does not exist)
2026-09-22T02:30:33,4625,Information,HOST_3.DOMAINE_1,administrator,DOMAINE_1,3,IP_EXT_4,-,0xC000006D,An account failed to log on. SubStatus 0xC000006A (bad password)
2026-09-22T02:30:42,4625,Information,HOST_3.DOMAINE_1,sqlservice,DOMAINE_1,3,IP_EXT_4,-,0xC000006D,An account failed to log on. SubStatus 0xC0000064 (user does not exist)
2026-09-22T02:30:48,4625,Information,HOST_3.DOMAINE_1,sqlservice,DOMAINE_1,3,IP_EXT_4,-,0xC000006D,An account failed to log on. SubStatus 0xC0000064 (user does not exist)
2026-09-22T02:30:53,4625,Information,HOST_3.DOMAINE_1,test,DOMAINE_1,3,IP_EXT_4,-,0xC000006D,An account failed to log on. SubStatus 0xC0000064 (user does not exist)
2026-09-22T02:41:18,4624,Information,HOST_3.DOMAINE_1,SVC_1,DOMAINE_1,3,IP_INT_4,HOST_1,0x0,An account was successfully logged on. NTLM authentication.
2026-09-22T02:41:18,4672,Information,HOST_3.DOMAINE_1,SVC_1,DOMAINE_1,,IP_INT_4,HOST_1,,Special privileges assigned to new logon.
2026-09-22T02:44:02,4720,Information,HOST_3.DOMAINE_1,support2,DOMAINE_1,,IP_INT_4,HOST_1,,A user account was created. Subject: SVC_1
2026-09-22T02:44:40,4732,Information,HOST_3.DOMAINE_1,support2,DOMAINE_1,,IP_INT_4,HOST_1,,A member was added to a security-enabled local group: Administrators. Subject: SVC_1
2026-09-22T07:40:06,4624,Information,HOST_3.DOMAINE_1,USER_1,DOMAINE_1,2,IP_INT_1,POSTE_1,0x0,An account was successfully logged on.
2026-09-22T08:00:12,4624,Information,HOST_3.DOMAINE_1,USER_3,DOMAINE_1,2,IP_INT_5,POSTE_3,0x0,An account was successfully logged on.
2026-09-22T08:04:20,4625,Information,HOST_3.DOMAINE_1,EMAIL_1,DOMAINE_1,2,IP_INT_1,POSTE_2,0xC0000064,An account failed to log on. SubStatus 0xC0000064 (user does not exist)
2026-09-22T08:08:03,4625,Information,HOST_3.DOMAINE_1,[SECRET_SUPPRIME],DOMAINE_1,2,IP_INT_1,POSTE_2,0xC0000064,An account failed to log on. SubStatus 0xC0000064 (user does not exist)
2026-09-22T08:09:03,4624,Information,HOST_3.DOMAINE_1,USER_2,DOMAINE_1,2,IP_INT_1,POSTE_2,0x0,An account was successfully logged on.

